// Jest Snapshot v1, https://goo.gl/fbAQLP

exports[`QueryViewerComponent should create 1`] = `QueryViewerComponent {}`;
