// Jest Snapshot v1, https://goo.gl/fbAQLP

exports[`UsersComponent should create 1`] = `undefined`;
