// Jest Snapshot v1, https://goo.gl/fbAQLP

exports[`UsersDialogComponent should create 1`] = `undefined`;
