// Jest Snapshot v1, https://goo.gl/fbAQLP

exports[`MetricsComponent should create 1`] = `undefined`;
